Java HotSpot(TM) 64-Bit Server VM (24.80-b11) for bsd-amd64 JRE (1.7.0_80-b15), built on Apr 10 2015 11:25:43 by "java_re" with gcc 4.2.1 (Based on Apple Inc. build 5658) (LLVM build 2336.11.00)
Memory: 4k page, physical 16777216k(4194304k free)

/proc/meminfo:

CommandLine flags: -XX:+HeapDumpOnOutOfMemoryError -XX:HeapDumpPath=/Users/zhangzhiwang/Desktop/system/dump/test_eclipse_tomcat.dump -XX:InitialHeapSize=41943040 -XX:MaxHeapSize=41943040 -XX:MaxNewSize=13983744 -XX:MaxTenuringThreshold=6 -XX:NewSize=13983744 -XX:OldPLABSize=16 -XX:OldSize=27959296 -XX:PermSize=33554432 -XX:+PrintGC -XX:+PrintGCDetails -XX:+PrintGCTimeStamps -XX:+UseCompressedOops -XX:+UseConcMarkSweepGC -XX:+UseParNewGC 
0.518: [GC0.518: [ParNew: 10944K->1343K(12288K), 0.0081620 secs] 10944K->2650K(39616K), 0.0082840 secs] [Times: user=0.02 sys=0.00, real=0.01 secs] 
0.791: [GC0.791: [ParNew: 12287K->1344K(12288K), 0.0084520 secs] 13594K->5218K(39616K), 0.0085250 secs] [Times: user=0.03 sys=0.00, real=0.01 secs] 
0.952: [GC0.952: [ParNew: 12288K->1344K(12288K), 0.0061840 secs] 16162K->7125K(39616K), 0.0062450 secs] [Times: user=0.02 sys=0.01, real=0.00 secs] 
1.206: [GC1.206: [ParNew: 12288K->1344K(12288K), 0.0028450 secs] 18069K->8217K(39616K), 0.0029070 secs] [Times: user=0.02 sys=0.00, real=0.00 secs] 
1.279: [GC1.279: [ParNew: 12288K->1343K(12288K), 0.0058990 secs] 19161K->11043K(39616K), 0.0059720 secs] [Times: user=0.01 sys=0.00, real=0.01 secs] 
1.370: [GC1.370: [ParNew: 12287K->1343K(12288K), 0.0031140 secs] 21987K->12392K(39616K), 0.0031760 secs] [Times: user=0.00 sys=0.01, real=0.01 secs] 
1.445: [GC1.445: [ParNew: 12287K->1344K(12288K), 0.0025510 secs] 23336K->13742K(39616K), 0.0026360 secs] [Times: user=0.01 sys=0.00, real=0.00 secs] 
1.542: [GC1.542: [ParNew: 12288K->1343K(12288K), 0.0022620 secs] 24686K->14588K(39616K), 0.0023350 secs] [Times: user=0.01 sys=0.00, real=0.00 secs] 
1.599: [GC1.599: [ParNew: 12287K->1343K(12288K), 0.0020530 secs] 25532K->15447K(39616K), 0.0021090 secs] [Times: user=0.01 sys=0.00, real=0.00 secs] 
1.601: [GC [1 CMS-initial-mark: 14103K(27328K)] 15653K(39616K), 0.0008230 secs] [Times: user=0.00 sys=0.00, real=0.00 secs] 
1.602: [CMS-concurrent-mark-start]
1.616: [CMS-concurrent-mark: 0.010/0.014 secs] [Times: user=0.05 sys=0.00, real=0.02 secs] 
1.616: [CMS-concurrent-preclean-start]
1.616: [CMS-concurrent-preclean: 0.000/0.000 secs] [Times: user=0.00 sys=0.00, real=0.00 secs] 
1.616: [CMS-concurrent-abortable-preclean-start]
1.664: [GC1.664: [ParNew: 12287K->1343K(12288K), 0.0019230 secs] 26391K->16457K(39616K), 0.0019800 secs] [Times: user=0.00 sys=0.00, real=0.00 secs] 
1.719: [GC1.719: [ParNew: 12287K->1343K(12288K), 0.0023140 secs] 27401K->17837K(39616K), 0.0023700 secs] [Times: user=0.01 sys=0.00, real=0.00 secs] 
1.783: [GC1.783: [ParNew: 12287K->1344K(12288K), 0.0024670 secs] 28781K->19025K(39616K), 0.0025440 secs] [Times: user=0.00 sys=0.00, real=0.00 secs] 
1.908: [GC1.908: [ParNew: 12288K->1343K(12288K), 0.0026020 secs] 29969K->19784K(39616K), 0.0026750 secs] [Times: user=0.00 sys=0.00, real=0.00 secs] 
1.910: [CMS-concurrent-abortable-preclean: 0.019/0.294 secs] [Times: user=0.64 sys=0.04, real=0.29 secs] 
1.910: [GC[YG occupancy: 1565 K (12288 K)]1.910: [Rescan (parallel) , 0.0005790 secs]1.911: [weak refs processing, 0.0000360 secs]1.911: [scrub string table, 0.0003690 secs] [1 CMS-remark: 18440K(27328K)] 20006K(39616K), 0.0010730 secs] [Times: user=0.00 sys=0.00, real=0.00 secs] 
1.912: [CMS-concurrent-sweep-start]
1.916: [CMS-concurrent-sweep: 0.004/0.004 secs] [Times: user=0.02 sys=0.00, real=0.01 secs] 
1.916: [CMS-concurrent-reset-start]
1.917: [CMS-concurrent-reset: 0.001/0.001 secs] [Times: user=0.01 sys=0.01, real=0.00 secs] 
2.072: [GC2.072: [ParNew: 12287K->1327K(12288K), 0.0013650 secs] 22832K->11968K(39616K), 0.0014330 secs] [Times: user=0.01 sys=0.00, real=0.00 secs] 
2.322: [GC2.322: [ParNew: 12271K->1344K(12288K), 0.0033850 secs] 22912K->12776K(39616K), 0.0034530 secs] [Times: user=0.01 sys=0.00, real=0.01 secs] 
2.643: [GC2.643: [ParNew: 12288K->1343K(12288K), 0.0028920 secs] 23720K->14080K(39616K), 0.0030270 secs] [Times: user=0.02 sys=0.00, real=0.00 secs] 
2.763: [GC2.763: [ParNew: 12287K->1344K(12288K), 0.0027610 secs] 25024K->15613K(39616K), 0.0028520 secs] [Times: user=0.02 sys=0.00, real=0.00 secs] 
2.883: [GC2.883: [ParNew: 12288K->1344K(12288K), 0.0031440 secs] 26557K->17378K(39616K), 0.0032110 secs] [Times: user=0.01 sys=0.00, real=0.00 secs] 
2.970: [GC2.970: [ParNew: 12288K->1343K(12288K), 0.0030460 secs] 28322K->18798K(39616K), 0.0031150 secs] [Times: user=0.02 sys=0.00, real=0.01 secs] 
3.122: [GC3.122: [ParNew: 12287K->1344K(12288K), 0.0020490 secs] 29742K->19401K(39616K), 0.0021130 secs] [Times: user=0.01 sys=0.00, real=0.00 secs] 
3.203: [GC3.204: [ParNew: 12288K->1343K(12288K), 0.0031610 secs] 30345K->20829K(39616K), 0.0032410 secs] [Times: user=0.02 sys=0.00, real=0.00 secs] 
3.406: [GC3.406: [ParNew: 12287K->1344K(12288K), 0.0063970 secs] 31773K->24951K(39616K), 0.0064750 secs] [Times: user=0.02 sys=0.00, real=0.01 secs] 
3.413: [GC [1 CMS-initial-mark: 23607K(27328K)] 25161K(39616K), 0.0008500 secs] [Times: user=0.00 sys=0.00, real=0.00 secs] 
3.414: [CMS-concurrent-mark-start]
3.439: [CMS-concurrent-mark: 0.016/0.025 secs] [Times: user=0.06 sys=0.00, real=0.02 secs] 
3.439: [CMS-concurrent-preclean-start]
3.440: [CMS-concurrent-preclean: 0.001/0.001 secs] [Times: user=0.00 sys=0.00, real=0.00 secs] 
3.440: [GC[YG occupancy: 2396 K (12288 K)]3.440: [Rescan (parallel) , 0.0007960 secs]3.440: [weak refs processing, 0.0001010 secs]3.441: [scrub string table, 0.0003920 secs] [1 CMS-remark: 23607K(27328K)] 26003K(39616K), 0.0013780 secs] [Times: user=0.01 sys=0.00, real=0.00 secs] 
3.441: [CMS-concurrent-sweep-start]
3.448: [CMS-concurrent-sweep: 0.007/0.007 secs] [Times: user=0.01 sys=0.00, real=0.01 secs] 
3.448: [CMS-concurrent-reset-start]
3.448: [CMS-concurrent-reset: 0.000/0.000 secs] [Times: user=0.00 sys=0.00, real=0.00 secs] 
17.058: [GC17.058: [ParNew: 12288K->1344K(12288K), 0.0052220 secs] 26712K->17283K(39616K), 0.0053830 secs] [Times: user=0.02 sys=0.00, real=0.01 secs] 
17.676: [GC17.676: [ParNew: 12288K->1063K(12288K), 0.0034280 secs] 28227K->18014K(39616K), 0.0036520 secs] [Times: user=0.02 sys=0.00, real=0.00 secs] 
18.280: [GC18.280: [ParNew: 12007K->531K(12288K), 0.0011090 secs] 28958K->17482K(39616K), 0.0012930 secs] [Times: user=0.00 sys=0.00, real=0.00 secs] 
18.887: [GC18.887: [ParNew: 11475K->451K(12288K), 0.0032370 secs] 28426K->17402K(39616K), 0.0034130 secs] [Times: user=0.02 sys=0.00, real=0.00 secs] 
19.525: [GC19.525: [ParNew: 11395K->445K(12288K), 0.0014720 secs] 28346K->17395K(39616K), 0.0016100 secs] [Times: user=0.00 sys=0.00, real=0.00 secs] 
20.114: [GC20.114: [ParNew: 11389K->476K(12288K), 0.0017330 secs] 28339K->17427K(39616K), 0.0019900 secs] [Times: user=0.01 sys=0.00, real=0.00 secs] 
20.797: [GC20.797: [ParNew: 11420K->431K(12288K), 0.0016010 secs] 28371K->17382K(39616K), 0.0017570 secs] [Times: user=0.00 sys=0.01, real=0.00 secs] 
